\BOOKMARK [0][-]{chapter*.2}{\376\377\000\332\000v\000o\000d}{}% 1
\BOOKMARK [0][-]{chapter.1}{\376\377\000O\000d\000\040\000v\000\375\000p\000o\001\015\000t\000u\000\040\000k\000\040\000n\000a\000d\000v\000l\000\341\000d\001\033\000:\000\040\000p\000o\000j\000m\000o\000v\000\351\000\040\000z\000\341\000k\000l\000a\000d\000y\000\040\000p\000o\000l\000i\000t\000i\000c\000k\000\351\000\040\000a\000n\000a\000l\000\375\000z\000y\000\040\000u\000m\001\033\000l\000\351\000\040\000i\000n\000t\000e\000l\000i\000g\000e\000n\000c\000e}{}% 2
\BOOKMARK [1][-]{section.1.1}{\376\377\000U\000m\001\033\000l\000\341\000\040\000i\000n\000t\000e\000l\000i\000g\000e\000n\000c\000e\000\040\000j\000a\000k\000o\000\040\000p\001\131\000e\000d\000m\001\033\000t\000\040\000f\000i\000l\000o\000z\000o\000f\000i\000c\000k\000o\000-\000p\000o\000l\000i\000t\000i\000c\000k\000\351\000\040\000a\000n\000a\000l\000\375\000z\000y\000.}{chapter.1}% 3
\BOOKMARK [2][-]{subsection.1.1.1}{\376\377\000S\000t\001\131\000e\000d\000o\000v\001\033\000k\000:\000\040\000p\000r\000v\000n\000\355\000\040\000p\000r\000o\000j\000e\000k\000t\000\040\000m\000e\000c\000h\000a\000n\000i\000z\000a\000c\000e\000\040\000m\000y\001\141\000l\000e\000n\000\355\000.}{section.1.1}% 4
\BOOKMARK [2][-]{subsection.1.1.2}{\376\377\000O\000d\000\040\000m\000e\000c\000h\000a\000n\000i\000c\000i\000s\000m\000u\000\040\000k\000e\000\040\000k\000y\000b\000e\000r\000n\000e\000t\000i\000c\000e\000:\000\040\000t\001\131\000i\000\040\000k\000o\000n\000c\000e\000p\000t\000u\000\341\000l\000n\000\355\000\040\000p\000o\000s\000u\000n\000y\000.}{section.1.1}% 5
\BOOKMARK [1][-]{section.1.2}{\376\377\000T\000r\000a\000n\000s\000f\000o\000r\000m\000a\000c\000e\000\040\000p\000o\000j\000m\000u\000\040\000m\000y\001\141\000l\000e\000n\000\355\000:\000\040\000o\000d\000\040\000l\000i\000d\000s\000k\000\351\000h\000o\000\040\000k\000\040\000v\000\375\000p\000o\001\015\000e\000t\000n\000\355\000m\000u\000.}{chapter.1}% 6
\BOOKMARK [2][-]{subsection.1.2.1}{\376\377\000O\000d\000\040\000d\000i\000s\000c\000i\000p\000l\000i\000n\000\341\000r\000n\000\355\000\040\000m\000o\000c\000i\000\040\000k\000\040\000a\000l\000g\000o\000r\000i\000t\000m\000i\000c\000k\000\351\000\040\000k\000o\000n\000t\000r\000o\000l\000e\000.}{section.1.2}% 7
\BOOKMARK [1][-]{section.1.3}{\376\377\000D\000e\000p\000o\000l\000i\000t\000i\000z\000a\000c\000e\000\040\000a\000\040\000m\000\375\000t\000u\000s\000\040\000a\000l\000g\000o\000r\000i\000t\000m\000i\000c\000k\000\351\000\040\000n\000e\000u\000t\000r\000a\000l\000i\000t\000y}{chapter.1}% 8
\BOOKMARK [2][-]{subsection.1.3.1}{\376\377\000A\000l\000g\000o\000r\000i\000t\000m\000i\000c\000k\000\341\000\040\000p\001\131\000e\000d\000p\000o\000j\000a\000t\000o\000s\000t\000\040\000a\000\040\000j\000e\000j\000\355\000\040\000p\000o\000l\000i\000t\000i\000c\000k\000\351\000\040\000d\001\157\000s\000l\000e\000d\000k\000y}{section.1.3}% 9
\BOOKMARK [1][-]{section.1.4}{\376\377\000N\000a\000d\000v\000l\000\341\000d\000a\000\040\000j\000a\000k\000o\000\040\000n\000o\000r\000m\000a\000t\000i\000v\000n\000\355\000\040\000j\000\341\000d\000r\000o}{chapter.1}% 10
\BOOKMARK [0][-]{chapter.2}{\376\377\000E\000k\000o\000n\000o\000m\000i\000k\000a\000\040\000p\000o\000z\000o\000r\000n\000o\000s\000t\000i\000\040\000a\000\040\000t\000r\000a\000n\000s\000f\000o\000r\000m\000a\000c\000e\000\040\000v\000e\001\131\000e\000j\000n\000\351\000\040\000s\000f\000\351\000r\000y\000\040}{}% 11
\BOOKMARK [1][-]{section.2.1}{\376\377\000V\000e\001\131\000e\000j\000n\000\341\000\040\000r\000a\000c\000i\000o\000n\000a\000l\000i\000t\000a\000\040\000j\000a\000k\000o\000\040\000f\000i\000l\000o\000z\000o\000f\000i\000c\000k\000o\000-\000p\000o\000l\000i\000t\000i\000c\000k\000\375\000\040\000k\000o\000n\000c\000e\000p\000t}{chapter.2}% 12
\BOOKMARK [2][-]{subsection.2.1.1}{\376\377\000K\000a\000n\000t\000o\000v\000s\000k\000\351\000\040\000k\000o\001\131\000e\000n\000y\000:\000\040\000v\000e\001\131\000e\000j\000n\000\351\000\040\000u\001\176\000\355\000v\000\341\000n\000\355\000\040\000r\000o\000z\000u\000m\000u}{section.2.1}% 13
\BOOKMARK [2][-]{subsection.2.1.2}{\376\377\000H\000a\000b\000e\000r\000m\000a\000s\001\157\000v\000\040\000r\000o\000z\000v\000o\000j\000:\000\040\000k\000o\000m\000u\000n\000i\000k\000a\000t\000i\000v\000n\000\355\000\040\000r\000a\000c\000i\000o\000n\000a\000l\000i\000t\000a\000\040\000a\000\040\000v\000e\001\131\000e\000j\000n\000\341\000\040\000s\000f\000\351\000r\000a}{section.2.1}% 14
\BOOKMARK [1][-]{section.2.2}{\376\377\000V\000e\001\131\000e\000j\000n\000\341\000\040\000r\000a\000c\000i\000o\000n\000a\000l\000i\000t\000a\000\040\000v\000\040\000t\000\351\000t\000o\000\040\000p\000r\000\341\000c\000i\000.}{chapter.2}% 15
\BOOKMARK [1][-]{section.2.3}{\376\377\000V\000z\000t\000a\000h\000\040\000k\000\040\000d\000a\000l\001\141\000\355\000m\000\040\000k\000o\000n\000c\000e\000p\000t\001\157\000m\000.}{chapter.2}% 16
\BOOKMARK [1][-]{section.2.4}{\376\377\000P\000o\000z\000o\000r\000n\000o\000s\000t\000\040\000j\000a\000k\000o\000\040\000v\000z\000\341\000c\000n\000\375\000\040\000z\000d\000r\000o\000j\000.}{chapter.2}% 17
\BOOKMARK [1][-]{section.2.5}{\376\377\000K\000o\000m\000o\000d\000i\000f\000i\000k\000a\000c\000e\000\040\000p\000o\000z\000o\000r\000n\000o\000s\000t\000i\000:\000\040\000p\000o\000z\000o\000r\000n\000o\000s\000t\000\040\000j\000a\000k\000o\000\040\000z\000b\000o\001\176\000\355\000.}{chapter.2}% 18
\BOOKMARK [2][-]{subsection.2.5.1}{\376\377\000A\000r\000c\000h\000i\000t\000e\000k\000t\000u\000r\000y\000\040\000z\000a\000c\000h\000y\000c\000o\000v\000\341\000n\000\355\000\040\000p\000o\000z\000o\000r\000n\000o\000s\000t\000i\000\040\000\050\000c\000a\000p\000t\000o\000l\000o\000g\000y\000\051}{section.2.5}% 19
\BOOKMARK [1][-]{section.2.6}{\376\377\000P\000l\000a\000t\000f\000o\000r\000m\000o\000v\000\375\000\040\000k\000a\000p\000i\000t\000a\000l\000i\000s\000m\000u\000s\000\040\000a\000\040\000k\000o\000m\000o\000d\000i\000f\000i\000k\000a\000c\000e\000\040\000d\000a\000t}{chapter.2}% 20
\BOOKMARK [2][-]{subsection.2.6.1}{\376\377\000P\000r\000v\000o\000t\000n\000\355\000\040\000a\000k\000u\000m\000u\000l\000a\000c\000e\000\040\000d\000a\000t}{section.2.6}% 21
\BOOKMARK [2][-]{subsection.2.6.2}{\376\377\000Z\000b\000o\001\176\000n\000\355\000\040\000f\000e\000t\000i\001\141\000i\000s\000m\000u\000s\000\040\000a\000l\000g\000o\000r\000i\000t\000m\001\157}{section.2.6}% 22
\BOOKMARK [1][-]{section.2.7}{\376\377\000P\000l\000a\000t\000f\000o\000r\000m\000o\000v\000\375\000\040\000k\000a\000p\000i\000t\000a\000l\000i\000s\000m\000u\000s\000\040\000a\000\040\000v\000e\001\131\000e\000j\000n\000\341\000\040\000r\000a\000c\000i\000o\000n\000a\000l\000i\000t\000a}{chapter.2}% 23
\BOOKMARK [1][-]{section.2.8}{\376\377\000K\000o\000g\000n\000i\000t\000i\000v\000n\000\355\000\040\000d\001\157\000s\000l\000e\000d\000k\000y\000\040\000e\000k\000o\000n\000o\000m\000i\000k\000y\000\040\000p\000o\000z\000o\000r\000n\000o\000s\000t\000i}{chapter.2}% 24
\BOOKMARK [1][-]{section.2.9}{\376\377\000F\000r\000a\000g\000m\000e\000n\000t\000a\000c\000e\000\040\000p\000o\000z\000o\000r\000n\000o\000s\000t\000i\000\040\000a\000\040\000p\000o\000v\000r\000c\000h\000n\000\355\000\040\000m\000y\001\141\000l\000e\000n\000\355}{chapter.2}% 25
\BOOKMARK [2][-]{subsection.2.9.1}{\376\377\000V\000l\000i\000v\000\040\000n\000a\000\040\000s\000c\000h\000o\000p\000n\000o\000s\000t\000\040\000k\000r\000i\000t\000i\000c\000k\000\351\000\040\000a\000n\000a\000l\000\375\000z\000y}{section.2.9}% 26
\BOOKMARK [1][-]{section.2.10}{\376\377\000O\000s\000l\000a\000b\000e\000n\000\355\000\040\000v\000e\001\131\000e\000j\000n\000\351\000\040\000r\000a\000c\000i\000o\000n\000a\000l\000i\000t\000y}{chapter.2}% 27
\BOOKMARK [1][-]{section.2.11}{\376\377\000P\000o\000s\000t\000p\000r\000a\000v\000d\000a\000\040\000j\000a\000k\000o\000\040\000p\000o\000l\000i\000t\000i\000c\000k\000\375\000\040\000r\000e\001\176\000i\000m}{chapter.2}% 28
\BOOKMARK [1][-]{section.2.12}{\376\377\000M\000a\000n\000i\000p\000u\000l\000a\000c\000e\000\040\000v\000e\001\131\000e\000j\000n\000\351\000h\000o\000\040\000m\000\355\000n\001\033\000n\000\355\000\040\000p\000r\000o\000s\000t\001\131\000e\000d\000n\000i\000c\000t\000v\000\355\000m\000\040\000u\000m\001\033\000l\000\351\000\040\000i\000n\000t\000e\000l\000i\000g\000e\000n\000c\000e}{chapter.2}% 29
\BOOKMARK [1][-]{section.2.13}{\376\377\000G\000e\000n\000e\000r\000a\000t\000i\000v\000n\000\355\000\040\000A\000I\000\040\000j\000a\000k\000o\000\040\000n\000\341\000s\000t\000r\000o\000j\000\040\000m\000a\000s\000o\000v\000\351\000\040\000p\000r\000o\000d\000u\000k\000c\000e\000\040\000o\000b\000s\000a\000h\000u}{chapter.2}% 30
\BOOKMARK [1][-]{section.2.14}{\376\377\000P\000o\000l\000i\000t\000i\000c\000k\000\375\000\040\000d\001\157\000s\000l\000e\000d\000e\000k\000:\000\040\000o\000d\000p\000o\000v\001\033\000d\000n\000o\000s\000t\000\040\000b\000e\000z\000\040\000s\000u\000b\000j\000e\000k\000t\000u}{chapter.2}% 31
\BOOKMARK [0][-]{chapter.3}{\376\377\000A\000l\000g\000o\000r\000i\000t\000m\000i\000z\000a\000c\000e\000\040\000v\000l\000\341\000d\000y\000\040\000a\000\040\000e\000t\000i\000c\000k\000\351\000\040\000a\000\040\000p\000o\000l\000i\000t\000i\000c\000k\000\351\000\040\000v\000\375\000z\000v\000y}{}% 32
\BOOKMARK [1][-]{section.3.1}{\376\377\000T\000e\000c\000h\000n\000o\000k\000r\000a\000c\000i\000e\000\040\000a\000\040\000d\000e\000p\000o\000l\000i\000t\000i\000z\000a\000c\000e\000\040\001\131\000\355\000z\000e\000n\000\355}{chapter.3}% 33
\BOOKMARK [1][-]{section.3.2}{\376\377\000A\000l\000t\000e\000r\000n\000a\000t\000i\000v\000n\000\355\000\040\000m\000o\000d\000e\000l\000y\000:\000\040\000d\000e\000m\000o\000k\000r\000a\000t\000i\000z\000a\000c\000e\000\040\000A\000I}{chapter.3}% 34
\BOOKMARK [1][-]{section.3.3}{\376\377\000A\000I\000\040\000p\000r\000o\000\040\000o\000b\000e\000c\000n\000\351\000\040\000d\000o\000b\000r\000o\000\040\000a\000\040\000v\000e\001\131\000e\000j\000n\000\351\000\040\000i\000n\000s\000t\000i\000t\000u\000c\000e}{chapter.3}% 35
\BOOKMARK [1][-]{section.3.4}{\376\377\000D\000i\000g\000i\000t\000\341\000l\000n\000\355\000\040\000g\000r\000a\000m\000o\000t\000n\000o\000s\000t\000\040\000a\000\040\000e\000p\000i\000s\000t\000e\000m\000i\000c\000k\000\341\000\040\000e\000m\000a\000n\000c\000i\000p\000a\000c\000e}{chapter.3}% 36
\BOOKMARK [1][-]{section.3.5}{\376\377\000T\000e\000c\000h\000n\000o\000f\000a\001\141\000i\000s\000m\000u\000s\000:\000\040\000d\000o\000m\000i\000n\000i\000u\000m\000\040\000j\000a\000k\000o\000\040\000p\000o\000d\000m\000\355\000n\000k\000a\000\040\000m\000o\001\176\000n\000o\000s\000t\000i}{chapter.3}% 37
\BOOKMARK [1][-]{section.3.6}{\376\377\000K\000r\000i\000t\000i\000k\000a\000\040\000C\000o\000e\000c\000k\000e\000l\000b\000e\000r\000g\000h\000a\000:\000\040\000c\000h\000y\000b\001\033\000j\000\355\000c\000\355\000\040\000p\000o\000j\000e\000m\000\040\000d\000o\000m\000i\000n\000a\000n\000c\000e}{chapter.3}% 38
\BOOKMARK [1][-]{section.3.7}{\376\377\000C\000o\000\040\000z\000\040\000t\000o\000h\000o\000\040\000p\000l\000y\000n\000e}{chapter.3}% 39
\BOOKMARK [0][-]{chapter*.3}{\376\377\000Z\000\341\000v\001\033\000r}{}% 40
\BOOKMARK [0][-]{chapter*.4}{\376\377\000L\000i\000t\000e\000r\000a\000t\000u\000r\000a}{}% 41
\BOOKMARK [0][-]{chapter*.5}{\376\377\000S\000e\000z\000n\000a\000m\000\040\000z\000k\000r\000a\000t\000e\000k}{}% 42
